DropTable[table=mySchema.myTable,ifexists=false]()