DropIndex[index=mySchema.myIndex,ifexists=false]()