DropTrigger[trigger=mySchema.myTrigger,ifexists=false]()