DropTrigger[trigger=mySchema.myTrigger,ifexists=true]()