Update[or=UpdateOrFail,table=myTable,sets=((myCol)=7),filter=myOtherCol == 9]