Project[cols=*](Select[filter=true](Scan[table=myTable]()))