Limit[limit=5](Project[cols=*](Scan[table=myTable]()))