Project[cols=*](Select[filter=true](Join[](Scan[table=a](),Scan[table=b]())))