Project[cols=name,amount * price AS total_price](Join[](Scan[table=items](),Scan[table=prices]()))