Project[cols=AVG(price) AS avg_price](Join[type=JoinLeft](Scan[table=items](),Scan[table=prices]()))